Microsoft Windows [Version 6.1.7601]
Copyright (c) 2009 Microsoft Corporation.  All rights reserved.

C:\Users\DIGITECH>cd C:\Users\DIGITECH\Documents\ITAssignments

C:\Users\DIGITECH\Documents\ITAssignments>git init
Initialized empty Git repository in C:/Users/DIGITECH/Documents/ITAssignments/.g
it/

C:\Users\DIGITECH\Documents\ITAssignments>git add .
warning: LF will be replaced by CRLF in Week3/log.txt.
The file will have its original line endings in your working directory
warning: LF will be replaced by CRLF in Week5/Exercise1.html.
The file will have its original line endings in your working directory
warning: LF will be replaced by CRLF in Week5/Exercise2.html.
The file will have its original line endings in your working directory
warning: LF will be replaced by CRLF in Week5/Exercise3.1.html.
The file will have its original line endings in your working directory
warning: LF will be replaced by CRLF in Week5/Exercise3.html.
The file will have its original line endings in your working directory
warning: LF will be replaced by CRLF in Week6/BusDetails.html.
The file will have its original line endings in your working directory
warning: LF will be replaced by CRLF in Week6/Exercise1.html.
The file will have its original line endings in your working directory
warning: LF will be replaced by CRLF in Week6/about.html.
The file will have its original line endings in your working directory
warning: LF will be replaced by CRLF in Week6/home.html.
The file will have its original line endings in your working directory
warning: LF will be replaced by CRLF in Week7/exercise1.html.
The file will have its original line endings in your working directory
warning: LF will be replaced by CRLF in Week7/exercise2.html.
The file will have its original line endings in your working directory

C:\Users\DIGITECH\Documents\ITAssignments>git commit -m "This is my IT Assignmen
t"

*** Please tell me who you are.

Run

  git config --global user.email "you@example.com"
  git config --global user.name "Your Name"

to set your account's default identity.
Omit --global to set the identity only in this repository.

fatal: unable to auto-detect email address (got 'DIGITECH@DIGITECH-PC.(none)')

C:\Users\DIGITECH\Documents\ITAssignments>git config --global user.email "ujjwal
datheputhe.111@gmail.com"\

C:\Users\DIGITECH\Documents\ITAssignments>git config --global user.name "Ujjwal2
057"

C:\Users\DIGITECH\Documents\ITAssignments>git remote add origin https://github.c
om/Ujjwal2057/UJJWAL.D.git

C:\Users\DIGITECH\Documents\ITAssignments>git push origin master
error: src refspec master does not match any
error: failed to push some refs to 'https://github.com/Ujjwal2057/UJJWAL.D.git'

C:\Users\DIGITECH\Documents\ITAssignments>git push -u origin master
error: src refspec master does not match any
error: failed to push some refs to 'https://github.com/Ujjwal2057/UJJWAL.D.git'

C:\Users\DIGITECH\Documents\ITAssignments>git commit -m "This is my IT Assignmen
t"
[master (root-commit) 1a62840] This is my IT Assignment
 19 files changed, 559 insertions(+)
 create mode 100644 Week3/log.txt
 create mode 100644 Week5/Exercise1.html
 create mode 100644 Week5/Exercise2.html
 create mode 100644 Week5/Exercise3.1.html
 create mode 100644 Week5/Exercise3.html
 create mode 100644 Week5/Thumbs.db
 create mode 100644 Week5/download.jpg
 create mode 100644 Week6/BusDetails.html
 create mode 100644 Week6/Exercise1.html
 create mode 100644 Week6/Thumbs.db
 create mode 100644 Week6/about.html
 create mode 100644 Week6/google.png
 create mode 100644 Week6/home.html
 create mode 100644 Week6/image1.jpg
 create mode 100644 Week6/image2.jpg
 create mode 100644 Week6/image3.jpg
 create mode 100644 Week6/image4.jpg
 create mode 100644 Week7/exercise1.html
 create mode 100644 Week7/exercise2.html

C:\Users\DIGITECH\Documents\ITAssignments>git push origin master
Logon failed, use ctrl+c to cancel basic credential prompt.
Username for 'https://github.com': ujjwal2057
Password for 'https://ujjwal2057@github.com':
To https://github.com/Ujjwal2057/UJJWAL.D.git
 ! [rejected]        master -> master (fetch first)
error: failed to push some refs to 'https://github.com/Ujjwal2057/UJJWAL.D.git'
hint: Updates were rejected because the remote contains work that you do
hint: not have locally. This is usually caused by another repository pushing
hint: to the same ref. You may want to first integrate the remote changes
hint: (e.g., 'git pull ...') before pushing again.
hint: See the 'Note about fast-forwards' in 'git push --help' for details.

C:\Users\DIGITECH\Documents\ITAssignments>git push -u origin master
To https://github.com/Ujjwal2057/UJJWAL.D.git
 ! [rejected]        master -> master (fetch first)
error: failed to push some refs to 'https://github.com/Ujjwal2057/UJJWAL.D.git'
hint: Updates were rejected because the remote contains work that you do
hint: not have locally. This is usually caused by another repository pushing
hint: to the same ref. You may want to first integrate the remote changes
hint: (e.g., 'git pull ...') before pushing again.
hint: See the 'Note about fast-forwards' in 'git push --help' for details.

C:\Users\DIGITECH\Documents\ITAssignments>git push origin master
To https://github.com/Ujjwal2057/UJJWAL.D.git
 ! [rejected]        master -> master (fetch first)
error: failed to push some refs to 'https://github.com/Ujjwal2057/UJJWAL.D.git'
hint: Updates were rejected because the remote contains work that you do
hint: not have locally. This is usually caused by another repository pushing
hint: to the same ref. You may want to first integrate the remote changes
hint: (e.g., 'git pull ...') before pushing again.
hint: See the 'Note about fast-forwards' in 'git push --help' for details.

C:\Users\DIGITECH\Documents\ITAssignments>git push -u origin master
To https://github.com/Ujjwal2057/UJJWAL.D.git
 ! [rejected]        master -> master (fetch first)
error: failed to push some refs to 'https://github.com/Ujjwal2057/UJJWAL.D.git'
hint: Updates were rejected because the remote contains work that you do
hint: not have locally. This is usually caused by another repository pushing
hint: to the same ref. You may want to first integrate the remote changes
hint: (e.g., 'git pull ...') before pushing again.
hint: See the 'Note about fast-forwards' in 'git push --help' for details.

C:\Users\DIGITECH\Documents\ITAssignments>git pull --rebase origin master
warning: no common commits
remote: Enumerating objects: 5, done.
remote: Counting objects: 100% (5/5), done.
remote: Compressing objects: 100% (2/2), done.
remote: Total 5 (delta 0), reused 0 (delta 0), pack-reused 0
Unpacking objects: 100% (5/5), 1.12 KiB | 5.00 KiB/s, done.
From https://github.com/Ujjwal2057/UJJWAL.D
 * branch            master     -> FETCH_HEAD
 * [new branch]      master     -> origin/master
Successfully rebased and updated refs/heads/master.

C:\Users\DIGITECH\Documents\ITAssignments>git push origin master
Enumerating objects: 26, done.
Counting objects: 100% (26/26), done.
Delta compression using up to 4 threads
Compressing objects: 100% (24/24), done.
Writing objects: 100% (25/25), 155.94 KiB | 3.32 MiB/s, done.
Total 25 (delta 2), reused 0 (delta 0), pack-reused 0
remote: Resolving deltas: 100% (2/2), done.
To https://github.com/Ujjwal2057/UJJWAL.D.git
   e98d7e7..0fdd2ad  master -> master

C:\Users\DIGITECH\Documents\ITAssignments>
